GOIAS (residence)
 g     assault  undet  assault+undet  suicide  accident  Y350  Y35other  Y35  pooled_fire  pooled_decl
year                                                                                                 
2012     1955     21           1976       22         5     0         0    0         2003         2003
2013     2138     12           2150       41         5     3         0    3         2199         2199
2014     2054      2           2056       37         8     1         0    1         2102         2102
2015     2161      5           2166       35         6     2         0    2         2209         2209
2016     2143      9           2152       42        11     9         0    9         2214         2214
2017     2057      7           2064       33         5    37         8   45         2139         2147
2018     1860      7           1867       36         6    69         7   76         1978         1985
2019     1457      8           1465       41         9   128        18  146         1643         1661
2020     1391      5           1396       35         7   127        37  164         1565         1602
2021     1012      9           1021       52         4   155        12  167         1232         1244 
GOIAS (occurrence)
 g     assault  undet  assault+undet  suicide  accident  Y350  Y35other  Y35  pooled_fire  pooled_decl
year                                                                                                 
2012     1902     21           1923       23         5     0         0    0         1951         1951
2013     2096     11           2107       42         4     3         0    3         2156         2156
2014     1993      2           1995       33         7     1         0    1         2036         2036
2015     2120      5           2125       36         4     0         0    0         2165         2165
2016     2133      7           2140       44        10     9         0    9         2203         2203
2017     2060      4           2064       32         5    46         8   54         2147         2155
2018     1885      5           1890       35         6    85         7   92         2016         2023
2019     1476      9           1485       42         9   135        22  157         1671         1693
2020     1413      3           1416       34         4   134        44  178         1588         1632
2021     1017      9           1026       53         4   186        25  211         1269         1294 
BRAZIL
 g     assault  undet  assault+undet  suicide  accident  Y350  Y35other   Y35  pooled_fire  pooled_decl
year                                                                                                  
2012    40077   1066          41143      989       284   571       137   708        42987        43124
2013    40369    869          41238     1040       326   501        91   592        43105        43196
2014    42755    958          43713      973       382   642       151   793        45710        45861
2015    41817    959          42776      905       314   839       103   942        44834        44937
2016    44475   1052          45527      950       301  1141       233  1374        47919        48152
2017    47510    818          48328      961       322  1575       279  1854        51186        51465
2018    41179   1335          42514      985       240  1729       313  2042        45468        45781
2019    30825   1991          32816      973       320  1266       204  1470        35375        35579
2020    33994   1173          35167      969       265  1834       354  2188        38235        38589
2021    33039    895          33934     1054       229  2031       254  2285        37248        37502 
BRAZIL ex GO
 g     assault  undet  assault+undet  suicide  accident  Y350  Y35other   Y35  pooled_fire  pooled_decl
year                                                                                                  
2012    38122   1045          39167      967       279   571       137   708        40984        41121
2013    38231    857          39088      999       321   498        91   589        40906        40997
2014    40701    956          41657      936       374   641       151   792        43608        43759
2015    39656    954          40610      870       308   837       103   940        42625        42728
2016    42332   1043          43375      908       290  1132       233  1365        45705        45938
2017    45453    811          46264      928       317  1538       271  1809        49047        49318
2018    39319   1328          40647      949       234  1660       306  1966        43490        43796
2019    29368   1983          31351      932       311  1138       186  1324        33732        33918
2020    32603   1168          33771      934       258  1707       317  2024        36670        36987
2021    32027    886          32913     1002       225  1876       242  2118        36016        36258

COUNTERFACTUAL (Goias at its 2012-16 share of the rest of Brazil): assault+undet 
        obs  expected  deficit  Y35  Y350  ratio_def_to_Y35excess
year                                                            
2012  1976    2019.0     43.0    0     0                  -14.38
2013  2150    2015.0   -135.0    3     3                    -inf
2014  2056    2148.0     92.0    1     1                  -45.75
2015  2166    2094.0    -72.0    2     2                   72.47
2016  2152    2236.0     84.0    9     9                   14.01
2017  2064    2385.0    321.0   45    37                    7.64
2018  1867    2095.0    228.0   76    69                    3.13
2019  1465    1616.0    151.0  146   128                    1.06
2020  1396    1741.0    345.0  164   127                    2.14
2021  1021    1697.0    676.0  167   155                    4.12

COUNTERFACTUAL (Goias at its 2012-16 share of the rest of Brazil): pooled_fire 
        obs  expected  deficit  Y35  Y350  ratio_def_to_Y35excess
year                                                            
2012  2003    2058.0     55.0    0     0                  -18.40
2013  2199    2054.0   -145.0    3     3                    -inf
2014  2102    2190.0     88.0    1     1                  -43.99
2015  2209    2141.0    -68.0    2     2                   68.39
2016  2214    2295.0     81.0    9     9                   13.55
2017  2139    2463.0    324.0   45    37                    7.72
2018  1978    2184.0    206.0   76    69                    2.82
2019  1643    1694.0     51.0  146   128                    0.36
2020  1565    1842.0    277.0  164   127                    1.72
2021  1232    1809.0    577.0  167   155                    3.52

COUNTERFACTUAL (Goias at its 2012-16 share of the rest of Brazil): pooled_decl 
        obs  expected  deficit  Y35  Y350  ratio_def_to_Y35excess
year                                                            
2012  2003    2058.0     55.0    0     0                  -18.45
2013  2199    2052.0   -147.0    3     3                    -inf
2014  2102    2190.0     88.0    1     1                  -44.19
2015  2209    2139.0    -70.0    2     2                   70.22
2016  2214    2299.0     85.0    9     9                   14.24
2017  2147    2469.0    322.0   45    37                    7.66
2018  1985    2192.0    207.0   76    69                    2.84
2019  1661    1698.0     37.0  146   128                    0.26
2020  1602    1851.0    249.0  164   127                    1.55
2021  1244    1815.0    571.0  167   155                    3.48

INDEX (2012-16 mean = 1)
       GO_pooled_fire  exGO_pooled_fire  GO_assault+undet  exGO_assault+undet
year                                                                        
2012           0.934             0.958             0.941               0.960
2013           1.025             0.957             1.024               0.959
2014           0.980             1.020             0.979               1.022
2015           1.030             0.997             1.031               0.996
2016           1.032             1.069             1.025               1.064
2017           0.997             1.147             0.983               1.134
2018           0.922             1.017             0.889               0.997
2019           0.766             0.789             0.698               0.769
2020           0.729             0.857             0.665               0.828
2021           0.574             0.842             0.486               0.807

across-UF regression (all UFs, n=26): d_au/base_au = a + b * d_y35/base_au ; b = 1.86 (se 0.81), a = -0.16, r = 0.43

across-UF regression (ex GO, n=25): d_au/base_au = a + b * d_y35/base_au ; b = 1.94 (se 0.81), a = -0.15, r = 0.45
        base_au    d_au   d_y35      x      y
uf_res                                       
52       2100.0 -662.75  135.25  0.064 -0.316
rank of GO by x (Y35 rise / base): 5 of 26 ; rank by y (fall): 6
        base_au    d_au   d_y35      x      y
uf_res                                       
16        150.4  102.10   52.50  0.349  0.679
29       5134.4  114.10  406.95  0.079  0.022
33       3626.2 -327.45  284.05  0.078 -0.090
41       2169.2 -716.70  157.80  0.073 -0.330
52       2100.0 -662.75  135.25  0.064 -0.316
50        334.6  -95.85   19.95  0.060 -0.286

GOIAS, all causes by category (residence)
 cat   assault_all  illdefined  legal_war  natural  other_ext  undet_all  violent_Y36    all  Y35
year                                                                                            
2012         2793        1001          0    28628       3423        155         2948  36000    0
2013         2972         858          3    28821       3488        112         3087  36254    3
2014         2886         861          1    30219       3742         99         2986  37808    1
2015         2995         988          2    31259       3496        114         3111  38854    2
2016         3027         900          9    30595       3413        130         3166  38074    9
2017         2856         961         45    32560       3427        124         3025  39973   45
2018         2599         596         76    32726       3344        166         2841  39507   76
2019         2107         828        146    34368       3376        200         2453  41025  146
2020         2013         896        164    41404       3623        258         2435  48358  164
2021         1645         676        167    54131       3771        322         2134  60712  167
cat   violent_Y36  assault_all  undet_all  legal_war  illdefined  FBSP_MVI  SIM_violent/MVI
year                                                                                       
2012         2948         2793        155          0        1001      2588            1.139
2013         3087         2972        112          3         858      2774            1.113
2014         2986         2886         99          1         861      2851            1.047
2015         3111         2995        114          2         988      3054            1.019
2016         3166         3027        130          9         900      3014            1.050
2017         3025         2856        124         45         961      2676            1.130
2018         2841         2599        166         76         596      2616            1.086
2019         2453         2107        200        146         828      2251            1.090
2020         2435         2013        258        164         896      2167            1.124
2021         2134         1645        322        167         676      1881            1.135

SIM Y35 / FBSP, Goias
    year  SIM_Y35_res  SIM_Y35_occ  FBSP_first  FBSP_latest  ratio_res  ratio_occ
0  2015            2            0         141          141      0.014      0.000
1  2016            9            9         209          209      0.043      0.043
2  2017           45           54         265          265      0.170      0.204
3  2018           76           92         425          429      0.177      0.214
4  2019          146          157         535          533      0.274      0.295
5  2020          164          178         631          631      0.260      0.282
6  2021          167          211         576          564      0.296      0.374

SIM Y35 / FBSP, Brazil
    year  SIM_Y35  FBSP_latest  ratio
0  2015      942         3330  0.283
1  2016     1374         4220  0.326
2  2017     1854         5179  0.358
3  2018     2042         6175  0.331
4  2019     1470         6351  0.231
5  2020     2188         6413  0.341
6  2021     2285         6493  0.352

SIM Y35 + (FBSP-free) : does Goias SIM Y35 follow FBSP direction? corr(2015-2021) = 0.98  spearman 0.964  | FBSP rise 2015->2020 +490 ; SIM Y35 rise +162

CIRCOBITO (raw code) by cause family, Brazil 2012-21, row shares
 CIRCOBITO                1     2      3      4      9     NA
fam                                                         
W32-34 accident      0.451  0.00  0.009  0.001  0.534  0.005
X72-74 suicide       0.017  0.95  0.001  0.000  0.031  0.002
X93-95 assault       0.007  0.00  0.971  0.000  0.022  0.001
Y22-24 undetermined  0.028  0.00  0.001  0.090  0.881  0.001
Y35 legal            0.016  0.00  0.003  0.891  0.089  0.001

LOCOCOR (raw code) by cause family, Brazil 2012-21, row shares
 LOCOCOR                  1      2      3      4      5    6      9
fam                                                               
W32-34 accident      0.242  0.024  0.194  0.290  0.237  0.0  0.013
X72-74 suicide       0.169  0.009  0.551  0.099  0.167  0.0  0.004
X93-95 assault       0.216  0.022  0.106  0.486  0.164  0.0  0.005
Y22-24 undetermined  0.366  0.024  0.108  0.310  0.185  0.0  0.008
Y35 legal            0.515  0.035  0.044  0.260  0.143  0.0  0.003

GOIAS ATESTANTE (certifier), Y35, row shares by year
 ATESTANTE_label    n  (blank)    IML  Outro  Substituto
year                                                   
2013               3    0.000  1.000  0.000       0.000
2014               1    0.000  1.000  0.000       0.000
2015               2    0.000  1.000  0.000       0.000
2016               9    0.000  1.000  0.000       0.000
2017              45    0.022  0.956  0.022       0.000
2018              76    0.000  0.987  0.013       0.000
2019             146    0.000  0.993  0.007       0.000
2020             164    0.012  0.976  0.006       0.006
2021             167    0.006  0.988  0.006       0.000

GOIAS ATESTANTE (certifier), X93-95, row shares by year
 ATESTANTE_label     n  (blank)    IML  Outro    SVO    Sim  Substituto
year                                                                  
2012             1955    0.023  0.955  0.010  0.005  0.002       0.005
2013             2138    0.034  0.947  0.006  0.005  0.004       0.004
2014             2054    0.026  0.963  0.004  0.002  0.003       0.002
2015             2161    0.019  0.970  0.004  0.001  0.005       0.001
2016             2143    0.022  0.965  0.004  0.000  0.003       0.005
2017             2057    0.016  0.974  0.006  0.001  0.003       0.001
2018             1860    0.020  0.967  0.004  0.001  0.005       0.003
2019             1457    0.016  0.969  0.005  0.001  0.007       0.002
2020             1391    0.021  0.972  0.001  0.001  0.003       0.002
2021             1012    0.013  0.973  0.007  0.002  0.005       0.000

GOIAS ATESTANTE (certifier), Y22-24, row shares by year
 ATESTANTE_label   n  (blank)    IML  Outro    Sim
year                                             
2012             21    0.000  0.857  0.095  0.048
2013             12    0.083  0.917  0.000  0.000
2014              2    0.000  1.000  0.000  0.000
2015              5    0.000  1.000  0.000  0.000
2016              9    0.111  0.889  0.000  0.000
2017              7    0.000  0.857  0.143  0.000
2018              7    0.000  0.857  0.000  0.143
2019              8    0.000  0.875  0.000  0.125
2020              5    0.200  0.800  0.000  0.000
2021              9    0.000  1.000  0.000  0.000

BRAZIL ex GO ATESTANTE (certifier), Y35, row shares by year
 ATESTANTE_label     n  (blank)    IML  Outro    SVO    Sim  Substituto
year                                                                  
2012              708    0.030  0.932  0.006  0.001  0.008       0.023
2013              589    0.031  0.959  0.003  0.000  0.003       0.003
2014              792    0.033  0.958  0.001  0.001  0.000       0.006
2015              940    0.022  0.965  0.006  0.001  0.001       0.004
2016             1365    0.018  0.974  0.004  0.001  0.001       0.002
2017             1809    0.008  0.978  0.004  0.001  0.004       0.006
2018             1966    0.019  0.961  0.006  0.002  0.002       0.011
2019             1324    0.013  0.968  0.005  0.004  0.003       0.008
2020             2024    0.010  0.971  0.007  0.005  0.002       0.004
2021             2118    0.025  0.952  0.003  0.003  0.008       0.009

BRAZIL ex GO ATESTANTE (certifier), X93-95, row shares by year
 ATESTANTE_label      n  (blank)    IML  Outro    SVO    Sim  Substituto
year                                                                   
2012             38122    0.033  0.926  0.012  0.002  0.012       0.015
2013             38231    0.040  0.929  0.010  0.002  0.010       0.009
2014             40701    0.037  0.930  0.010  0.003  0.011       0.010
2015             39656    0.027  0.936  0.014  0.002  0.011       0.010
2016             42332    0.025  0.940  0.014  0.002  0.012       0.007
2017             45453    0.019  0.949  0.013  0.001  0.012       0.006
2018             39319    0.017  0.947  0.014  0.002  0.013       0.007
2019             29368    0.017  0.943  0.016  0.002  0.015       0.007
2020             32603    0.015  0.941  0.020  0.002  0.015       0.008
2021             32027    0.018  0.931  0.022  0.003  0.017       0.009

BRAZIL ex GO ATESTANTE (certifier), Y22-24, row shares by year
 ATESTANTE_label     n  (blank)    IML  Outro    SVO    Sim  Substituto
year                                                                  
2012             1045    0.111  0.835  0.025  0.001  0.012       0.015
2013              857    0.137  0.804  0.018  0.006  0.013       0.023
2014              956    0.091  0.847  0.024  0.002  0.024       0.012
2015              954    0.094  0.834  0.026  0.002  0.027       0.016
2016             1043    0.055  0.880  0.036  0.003  0.015       0.011
2017              811    0.051  0.878  0.043  0.002  0.012       0.014
2018             1328    0.016  0.914  0.040  0.004  0.016       0.011
2019             1983    0.023  0.949  0.015  0.001  0.007       0.007
2020             1168    0.018  0.955  0.009  0.001  0.009       0.008
2021              886    0.018  0.951  0.012  0.000  0.010       0.008

GOIAS ATESTANTE_label, Y35, by period (translate labels)
 ATESTANTE_label    n  (blank)    IML  Outro  Substituto
P                                                      
2012-15            6    0.000  1.000  0.000       0.000
2016               9    0.000  1.000  0.000       0.000
2017-18          121    0.008  0.975  0.017       0.000
2019             146    0.000  0.993  0.007       0.000
2020-21          331    0.009  0.982  0.006       0.003

GOIAS ATESTANTE_label, X93-95, by period (translate labels)
 ATESTANTE_label     n  (blank)    IML  Outro    SVO    Sim  Substituto
P                                                                     
2012-15          8308    0.025  0.959  0.006  0.003  0.003       0.003
2016             2143    0.022  0.965  0.004  0.000  0.003       0.005
2017-18          3917    0.018  0.971  0.005  0.001  0.004       0.002
2019             1457    0.016  0.969  0.005  0.001  0.007       0.002
2020-21          2403    0.017  0.973  0.003  0.002  0.004       0.001

GOIAS ATESTANTE_label, Y22-24, by period (translate labels)
 ATESTANTE_label   n  (blank)    IML  Outro    Sim
P                                                
2012-15          40    0.025  0.900  0.050  0.025
2016              9    0.111  0.889  0.000  0.000
2017-18          14    0.000  0.857  0.071  0.071
2019              8    0.000  0.875  0.000  0.125
2020-21          14    0.071  0.929  0.000  0.000

GOIAS CIRCOBITO_label, Y35, by period (translate labels)
 CIRCOBITO_label    n  Homicídio  Ignorado  Outro
P                                               
2012-15            6      0.000     0.000  1.000
2016               9      0.000     0.000  1.000
2017-18          121      0.000     0.000  1.000
2019             146      0.000     0.021  0.979
2020-21          331      0.003     0.021  0.976

GOIAS CIRCOBITO_label, X93-95, by period (translate labels)
 CIRCOBITO_label     n  (blank)  Acidente  Homicídio  Ignorado
P                                                            
2012-15          8308      0.0     0.977      0.007     0.017
2016             2143      0.0     0.985      0.006     0.009
2017-18          3917      0.0     0.989      0.005     0.006
2019             1457      0.0     0.981      0.006     0.012
2020-21          2403      0.0     0.981      0.007     0.012

GOIAS CIRCOBITO_label, Y22-24, by period (translate labels)
 CIRCOBITO_label   n  Homicídio  Ignorado  Outro
P                                              
2012-15          40      0.050     0.875  0.075
2016              9      0.000     1.000  0.000
2017-18          14      0.143     0.643  0.214
2019              8      0.125     0.625  0.250
2020-21          14      0.143     0.786  0.071

GOIAS FONTE_label, Y35, by period (translate labels)
 FONTE_label    n  (blank)  Boletim Ocorrência  Família  Hospital  Ignorado  Outro
P                                                                                
2012-15        6    0.000               0.667    0.000     0.000     0.167  0.167
2016           9    0.333               0.333    0.111     0.000     0.000  0.222
2017-18      121    0.140               0.521    0.017     0.017     0.050  0.256
2019         146    0.158               0.630    0.014     0.021     0.048  0.130
2020-21      331    0.085               0.789    0.003     0.033     0.009  0.082

GOIAS FONTE_label, X93-95, by period (translate labels)
 FONTE_label     n  (blank)  Boletim Ocorrência  Família  Hospital  Ignorado  Outro
P                                                                                 
2012-15      8308    0.161               0.267    0.021     0.071     0.169  0.310
2016         2143    0.209               0.301    0.028     0.052     0.122  0.289
2017-18      3917    0.289               0.321    0.029     0.059     0.101  0.200
2019         1457    0.242               0.417    0.027     0.049     0.082  0.183
2020-21      2403    0.212               0.544    0.017     0.039     0.075  0.112

GOIAS FONTE_label, Y22-24, by period (translate labels)
 FONTE_label   n  (blank)  Boletim Ocorrência  Família  Hospital  Ignorado  Outro
P                                                                               
2012-15      40    0.100               0.175    0.075     0.025     0.550  0.075
2016          9    0.667               0.222    0.000     0.000     0.000  0.111
2017-18      14    0.357               0.357    0.000     0.071     0.214  0.000
2019          8    0.250               0.125    0.000     0.000     0.375  0.250
2020-21      14    0.214               0.286    0.071     0.214     0.214  0.000

GOIAS TPPOS_label, Y35, by period (translate labels)
 TPPOS_label    n  (blank)  Investigado  Não investigado
P                                                      
2012-15        6    0.000        0.333            0.667
2016           9    0.333        0.444            0.222
2017-18      121    0.413        0.198            0.388
2019         146    0.568        0.144            0.288
2020-21      331    0.477        0.130            0.393

GOIAS TPPOS_label, X93-95, by period (translate labels)
 TPPOS_label     n  (blank)  Investigado  Não investigado
P                                                       
2012-15      8308    0.486        0.159            0.355
2016         2143    0.447        0.185            0.368
2017-18      3917    0.555        0.161            0.284
2019         1457    0.548        0.128            0.325
2020-21      2403    0.530        0.124            0.347

GOIAS TPPOS_label, Y22-24, by period (translate labels)
 TPPOS_label   n  (blank)  Investigado  Não investigado
P                                                     
2012-15      40    0.475        0.100            0.425
2016          9    0.444        0.333            0.222
2017-18      14    0.071        0.429            0.500
2019          8    0.000        0.250            0.750
2020-21      14    0.286        0.071            0.643

GOIAS NECROPSIA_label, Y35, by period (translate labels)
 NECROPSIA_label    n  (blank)    Ign    Não    Sim
P                                                 
2012-15            6    0.000  0.000  0.000  1.000
2016               9    0.333  0.000  0.000  0.667
2017-18          121    0.240  0.008  0.033  0.719
2019             146    0.123  0.000  0.014  0.863
2020-21          331    0.088  0.015  0.033  0.864

GOIAS NECROPSIA_label, X93-95, by period (translate labels)
 NECROPSIA_label     n  (blank)    Ign    Não    Sim
P                                                  
2012-15          8308    0.114  0.048  0.039  0.799
2016             2143    0.190  0.021  0.025  0.764
2017-18          3917    0.246  0.010  0.024  0.720
2019             1457    0.207  0.012  0.025  0.756
2020-21          2403    0.171  0.016  0.044  0.769

GOIAS NECROPSIA_label, Y22-24, by period (translate labels)
 NECROPSIA_label   n  (blank)    Ign    Não    Sim
P                                                
2012-15          40    0.025  0.025  0.125  0.825
2016              9    0.333  0.000  0.111  0.556
2017-18          14    0.143  0.000  0.286  0.571
2019              8    0.125  0.000  0.125  0.750
2020-21          14    0.286  0.143  0.071  0.500

GOIAS LOCOCOR_label, Y35, by period (translate labels)
 LOCOCOR_label    n  Domicílio  Hospital  Ignorado  Outro  Via pública
P                                                                    
2012-15          6      0.000     0.500     0.333  0.167        0.000
2016             9      0.111     0.111     0.111  0.667        0.000
2017-18        121      0.050     0.231     0.182  0.397        0.140
2019           146      0.068     0.267     0.267  0.342        0.055
2020-21        331      0.057     0.341     0.239  0.281        0.082

GOIAS LOCOCOR_label, X93-95, by period (translate labels)
 LOCOCOR_label     n  Domicílio  Hospital  Ignorado  Outro  Via pública
P                                                                     
2012-15        8308      0.100     0.238     0.166  0.470        0.026
2016           2143      0.107     0.222     0.186  0.459        0.026
2017-18        3917      0.135     0.201     0.175  0.455        0.034
2019           1457      0.152     0.195     0.178  0.424        0.050
2020-21        2403      0.173     0.219     0.193  0.373        0.042

GOIAS LOCOCOR_label, Y22-24, by period (translate labels)
 LOCOCOR_label   n  Domicílio  Hospital  Ignorado  Outro  Via pública
P                                                                   
2012-15        40      0.175     0.175     0.350  0.275        0.025
2016            9      0.111     0.222     0.444  0.222        0.000
2017-18        14      0.071     0.571     0.143  0.214        0.000
2019            8      0.125     0.250     0.250  0.375        0.000
2020-21        14      0.071     0.571     0.071  0.286        0.000

Share certified by IML (ATESTANTE=3) among X93-95+Y22-24+Y35, by year: GO vs Brazil ex GO
         GO   exGO
year              
2012  0.954  0.924
2013  0.947  0.927
2014  0.963  0.928
2015  0.970  0.934
2016  0.965  0.939
2017  0.973  0.949
2018  0.968  0.947
2019  0.971  0.944
2020  0.972  0.943
2021  0.976  0.933

PROFILES, Goias
                      n   male  age_median  age_12_29  age_30plus  negro(pret+parda)/known  hospital   loc4   loc3   loc2   loc5  svo/iml_cert  attending(1)
fam3   P                                                                                                                                                   
X93-95 2012-15  8308.0  0.931        26.0      0.626       0.353                    0.777     0.238  0.470  0.100  0.026  0.161         0.962         0.003
       2016-18  6060.0  0.937        25.0      0.634       0.352                    0.793     0.208  0.456  0.125  0.031  0.173         0.969         0.004
       2019-21  3860.0  0.955        26.0      0.617       0.377                    0.787     0.210  0.392  0.165  0.045  0.183         0.973         0.005
Y22-24 2012-15    40.0  0.925        28.0      0.450       0.400                    0.744     0.175  0.275  0.175  0.025  0.325         0.900         0.025
       2016-18    23.0  0.913        29.0      0.435       0.478                    0.591     0.435  0.217  0.087  0.000  0.217         0.870         0.043
       2019-21    22.0  0.864        28.5      0.500       0.409                    0.818     0.455  0.318  0.091  0.000  0.136         0.909         0.045
Y35    2012-15     6.0  1.000        28.5      0.667       0.333                    0.833     0.500  0.167  0.000  0.000  0.333         1.000         0.000
       2016-18   130.0  0.992        22.0      0.792       0.208                    0.811     0.223  0.415  0.054  0.131  0.162         0.977         0.000
       2019-21   477.0  1.000        23.0      0.780       0.210                    0.789     0.319  0.300  0.061  0.073  0.245         0.985         0.000

PROFILES, Brazil ex GO
                        n   male  age_median  age_12_29  age_30plus  negro(pret+parda)/known  hospital   loc4   loc3   loc2   loc5  svo/iml_cert  attending(1)
fam3   P                                                                                                                                                     
X93-95 2012-15  156710.0  0.943        26.0      0.605       0.380                    0.747     0.237  0.506  0.091  0.019  0.141         0.932         0.011
       2016-18  127104.0  0.945        26.0      0.599       0.388                    0.782     0.205  0.483  0.108  0.023  0.177         0.947         0.012
       2019-21   93998.0  0.941        27.0      0.577       0.412                    0.799     0.195  0.462  0.127  0.026  0.186         0.940         0.016
Y22-24 2012-15    3812.0  0.940        27.0      0.555       0.404                    0.724     0.311  0.358  0.114  0.015  0.189         0.834         0.019
       2016-18    3182.0  0.949        26.0      0.581       0.392                    0.729     0.367  0.302  0.105  0.021  0.196         0.897         0.015
       2019-21    4037.0  0.939        28.0      0.529       0.440                    0.695     0.417  0.271  0.103  0.035  0.172         0.951         0.008
Y35    2012-15    3029.0  0.991        21.0      0.810       0.171                    0.704     0.568  0.250  0.021  0.035  0.124         0.955         0.003
       2016-18    5140.0  0.995        22.0      0.808       0.178                    0.767     0.557  0.238  0.030  0.036  0.136         0.971         0.002
       2019-21    5466.0  0.992        24.0      0.753       0.238                    0.779     0.469  0.280  0.068  0.029  0.152         0.967         0.005
2012-15 TV(age Y35, age X93-95) = 0.261 n Y35 6
2016-18 TV(age Y35, age X93-95) = 0.151 n Y35 130
    TV(age Y35 this period, age X93-95 baseline 2012-15)= 0.155
2019-21 TV(age Y35, age X93-95) = 0.178 n Y35 477
    TV(age Y35 this period, age X93-95 baseline 2012-15)= 0.167

DECOMPOSITION of the Y35 rise 2015->2020 (Y35 = c * FBSP): c0=0.014 c1=0.260 F0=141 F1=631
{'real_only (c0*dF)': np.float64(7.0), 'coding_only (F0*dc)': np.float64(34.6), 'interaction (dF*dc)': np.float64(120.4), 'total': np.int64(162)}
from 2016: {'real_only (c0*dF)': np.float64(18.2), 'coding_only (F0*dc)': np.float64(45.3), 'interaction': np.float64(91.5), 'total': np.int64(155)}

NON-POLICE VIOLENT DEATHS, Goias
       SIM_nonlegal_violent  FBSP_MVI  FBSP_MDIP  FBSP_nonpolice  SIM/FBSP_nonpolice
2015                  3109      3054      141.0          2913.0               1.067
2016                  3157      3014      209.0          2805.0               1.125
2017                  2980      2676      265.0          2411.0               1.236
2018                  2765      2616      429.0          2187.0               1.264
2019                  2307      2251      533.0          1718.0               1.343
2020                  2271      2167      631.0          1536.0               1.479
2021                  1967      1881      564.0          1317.0               1.494
change 2015->2019: SIM nonlegal violent -25.8%, FBSP nonpolice -41.0%; SIM assault+undet firearm -32.4%

DEFICIT 2017-21 of X93-95+Y22-24 vs national-course counterfactual D=1721 (bootstrap sd 128); Y35 excess E=583; D/E=2.95; P(D<=E) = 0.0000, two-sided p(D=E) = 0.0000
pooled_decl 2017-19: observed 5793 expected 6352 (deficit 559, share of rest-of-Brazil 0.0500 -> 0.0456)
